-rw-r--r-- 1 root root  270 Jul 21 08:54 /root/workspace/methyl-pipe-out/ppmi_20260721_075730/logs/bisulfite_thresholds.rds
-rw-r--r-- 1 root root  221 Jul 21 08:53 /root/workspace/methyl-pipe-out/ppmi_20260721_075730/logs/qc_auto_threshold.rds
-rw-r--r-- 1 root root 2.3K Jul 21 08:54 /root/workspace/methyl-pipe-out/ppmi_20260721_075730/logs/sample_removal_log.csv
-rw-r--r-- 1 root root  96K Jul 21 08:53 /root/workspace/methyl-pipe-out/ppmi_20260721_075730/plots/bisulfite_conversion_plot.png
-rw-r--r-- 1 root root 152K Jul 21 08:54 /root/workspace/methyl-pipe-out/ppmi_20260721_075730/plots/density_plot.png
-rw-r--r-- 1 root root  64K Jul 21 08:53 /root/workspace/methyl-pipe-out/ppmi_20260721_075730/plots/qc_intensity_plot.png
-rw-r--r-- 1 root root 190K Jul 21 10:08 /root/workspace/methyl-pipe-out/ppmi_20260721_075730/plots/sex_mismatch_plot.png
-rw-r--r-- 1 root root 3.0G Jul 21 11:00 /root/workspace/methyl-pipe-out/ppmi_20260721_075730/processed/methyl_set_filtered_chrom.rds
-rw-r--r-- 1 root root 3.1G Jul 21 09:28 /root/workspace/methyl-pipe-out/ppmi_20260721_075730/processed/methyl_set_norm.rds
-rw-r--r-- 1 root root 2.9G Jul 21 11:04 /root/workspace/methyl-pipe-out/ppmi_20260721_075730/processed/methyl_set_removed_cross_reactive.rds
-rw-r--r-- 1 root root 3.1G Jul 21 10:56 /root/workspace/methyl-pipe-out/ppmi_20260721_075730/processed/methyl_set_removed_snps.rds
-rw-r--r-- 1 root root 3.1G Jul 21 10:12 /root/workspace/methyl-pipe-out/ppmi_20260721_075730/processed/methyl_set_remove_mismatch.rds
-rw-r--r-- 1 root root 3.0G Jul 21 10:52 /root/workspace/methyl-pipe-out/ppmi_20260721_075730/processed/methyl_set_remove_probe_qc.rds
-rw-r--r-- 1 root root 4.0G Jul 21 09:46 /root/workspace/methyl-pipe-out/ppmi_20260721_075730/processed/rg_set_norm.rds
-rw-r--r-- 1 root root 4.0G Jul 21 10:30 /root/workspace/methyl-pipe-out/ppmi_20260721_075730/processed/rg_set_remove_mismatch.rds
-rw-r--r-- 1 root root 4.0G Jul 21 10:48 /root/workspace/methyl-pipe-out/ppmi_20260721_075730/processed/rg_set_remove_probe_qc.rds
-rw-r--r-- 1 root root  12K Jul 21 07:57 /root/workspace/methyl-pipe-out/ppmi_20260721_075730/processed/targets.rds
-rw-r--r-- 1 root root  12K Jul 21 10:30 /root/workspace/methyl-pipe-out/ppmi_20260721_075730/processed/targets_remove_mismatch.rds
-rw-r--r-- 1 root root  270 Jul 21 09:19 /root/workspace/methyl-pipe-out/ppmi_20260721_075730/qc/bisulfite_thresholds.rds
-rw-r--r-- 1 root root  273 Jul 21 09:19 /root/workspace/methyl-pipe-out/ppmi_20260721_075730/qc/failed_samples.rds
-rw-r--r-- 1 root root 1.7G Jul 21 09:19 /root/workspace/methyl-pipe-out/ppmi_20260721_075730/qc/methyl_set_clean.rds
-rw-r--r-- 1 root root  296 Jul 21 10:08 /root/workspace/methyl-pipe-out/ppmi_20260721_075730/qc/probe_qc_summary.rds
-rw-r--r-- 1 root root 8.5K Jul 21 08:54 /root/workspace/methyl-pipe-out/ppmi_20260721_075730/qc/qc_metrics.rds
-rw-r--r-- 1 root root  479 Jul 21 08:54 /root/workspace/methyl-pipe-out/ppmi_20260721_075730/qc/qc_summary.rds
-rw-r--r-- 1 root root  94K Jul 21 10:08 /root/workspace/methyl-pipe-out/ppmi_20260721_075730/qc/removed_probes_detection_p.rds
-rw-r--r-- 1 root root 4.0G Jul 21 09:12 /root/workspace/methyl-pipe-out/ppmi_20260721_075730/qc/rg_set_clean.rds
-rw-r--r-- 1 root root  12K Jul 21 09:12 /root/workspace/methyl-pipe-out/ppmi_20260721_075730/qc/targets_clean.rds
-rw-r--r-- 1 root root 1.8G Jul 21 08:52 /root/workspace/methyl-pipe-out/ppmi_20260721_075730/raw_data/methyl_set.rds
-rw-r--r-- 1 root root 4.2G Jul 21 08:46 /root/workspace/methyl-pipe-out/ppmi_20260721_075730/raw_data/rg_set.rds
-rw-r--r-- 1 root root 2.5G Jul 21 11:43 /root/workspace/methyl-pipe-out/ppmi_20260721_075730/results/beta_matrix_bmiq.rds
-rw-r--r-- 1 root root 2.5G Jul 21 11:10 /root/workspace/methyl-pipe-out/ppmi_20260721_075730/results/beta_matrix.rds
-rw-r--r-- 1 root root 2.5G Jul 21 11:12 /root/workspace/methyl-pipe-out/ppmi_20260721_075730/results/m_matrix.rds
-rw-r--r-- 1 root root 2.5G Jul 21 11:45 /root/workspace/methyl-pipe-out/ppmi_20260721_075730/results/m_values_bmiq.rds
-rw-r--r-- 1 root root   78 Jul 21 10:08 /root/workspace/methyl-pipe-out/ppmi_20260721_075730/results/sex_mismatch_log.csv
